main.c:89:5:main	32	static
main.c:225:6:SystemClock_Config	184	static
main.c:289:13:MX_SPI3_Init	8	static
main.c:329:13:MX_TIM2_Init	40	static
main.c:374:13:MX_USART1_UART_Init	8	static
main.c:409:13:MX_USART2_UART_Init	8	static
main.c:444:13:MX_GPIO_Init	40	static
main.c:495:6:HAL_GPIO_EXTI_Callback	16	static
main.c:519:6:HAL_TIM_PeriodElapsedCallback	16	static
main.c:525:6:logoScreenDisplay	16	static
main.c:536:6:paramScreenDisplay	24	static
main.c:555:6:gearboxScreenDisplay	24	static
main.c:580:6:Error_Handler	4	static
