main.c:89:5:main	32	static
main.c:224:6:SystemClock_Config	184	static
main.c:288:13:MX_SPI3_Init	8	static
main.c:328:13:MX_TIM2_Init	40	static
main.c:373:13:MX_USART1_UART_Init	8	static
main.c:408:13:MX_USART2_UART_Init	8	static
main.c:443:13:MX_GPIO_Init	40	static
main.c:494:6:HAL_GPIO_EXTI_Callback	16	static
main.c:518:6:HAL_TIM_PeriodElapsedCallback	16	static
main.c:524:6:logoScreenDisplay	16	static
main.c:535:6:paramScreenDisplay	24	static
main.c:554:6:gearboxScreenDisplay	24	static
main.c:579:6:Error_Handler	4	static
